17-May-2025 21:50:05.446 INFO [main] org.apache.catalina.startup.VersionLoggerListener.log Server version name:   Apache Tomcat/9.0.104
17-May-2025 21:50:05.452 INFO [main] org.apache.catalina.startup.VersionLoggerListener.log Server built:          Apr 4 2025 12:32:55 UTC
17-May-2025 21:50:05.452 INFO [main] org.apache.catalina.startup.VersionLoggerListener.log Server version number: 9.0.104.0
17-May-2025 21:50:05.452 INFO [main] org.apache.catalina.startup.VersionLoggerListener.log OS Name:               Windows 11
17-May-2025 21:50:05.452 INFO [main] org.apache.catalina.startup.VersionLoggerListener.log OS Version:            10.0
17-May-2025 21:50:05.453 INFO [main] org.apache.catalina.startup.VersionLoggerListener.log Architecture:          amd64
17-May-2025 21:50:05.453 INFO [main] org.apache.catalina.startup.VersionLoggerListener.log Java Home:             C:\Program Files\Java\jdk-17
17-May-2025 21:50:05.453 INFO [main] org.apache.catalina.startup.VersionLoggerListener.log JVM Version:           17.0.11+7-LTS-207
17-May-2025 21:50:05.453 INFO [main] org.apache.catalina.startup.VersionLoggerListener.log JVM Vendor:            Oracle Corporation
17-May-2025 21:50:05.453 INFO [main] org.apache.catalina.startup.VersionLoggerListener.log CATALINA_BASE:         C:\Users\backup user\IdeaProjects\StudentRegistrationSystem
17-May-2025 21:50:05.453 INFO [main] org.apache.catalina.startup.VersionLoggerListener.log CATALINA_HOME:         C:\Program Files\Apache Software Foundation\Tomcat 9.0
17-May-2025 21:50:05.466 INFO [main] org.apache.catalina.startup.VersionLoggerListener.log Command line argument: --add-opens=java.base/java.lang=ALL-UNNAMED
17-May-2025 21:50:05.467 INFO [main] org.apache.catalina.startup.VersionLoggerListener.log Command line argument: --add-opens=java.base/java.io=ALL-UNNAMED
17-May-2025 21:50:05.467 INFO [main] org.apache.catalina.startup.VersionLoggerListener.log Command line argument: --add-opens=java.base/java.util=ALL-UNNAMED
17-May-2025 21:50:05.467 INFO [main] org.apache.catalina.startup.VersionLoggerListener.log Command line argument: --add-opens=java.base/java.util.concurrent=ALL-UNNAMED
17-May-2025 21:50:05.467 INFO [main] org.apache.catalina.startup.VersionLoggerListener.log Command line argument: --add-opens=java.rmi/sun.rmi.transport=ALL-UNNAMED
17-May-2025 21:50:05.467 INFO [main] org.apache.catalina.startup.VersionLoggerListener.log Command line argument: -Dcatalina.home=C:\Program Files\Apache Software Foundation\Tomcat 9.0
17-May-2025 21:50:05.467 INFO [main] org.apache.catalina.startup.VersionLoggerListener.log Command line argument: -Dcatalina.base=C:\Users\backup user\IdeaProjects\StudentRegistrationSystem
17-May-2025 21:50:05.467 INFO [main] org.apache.catalina.startup.VersionLoggerListener.log Command line argument: -Djava.io.tmpdir=C:\Users\backup user\IdeaProjects\StudentRegistrationSystem\temp
17-May-2025 21:50:05.468 INFO [main] org.apache.catalina.startup.VersionLoggerListener.log Command line argument: -Djava.util.logging.config.file=C:\Users\backup user\IdeaProjects\StudentRegistrationSystem\conf\logging.properties
17-May-2025 21:50:05.468 INFO [main] org.apache.catalina.startup.VersionLoggerListener.log Command line argument: -Djava.util.logging.manager=org.apache.juli.ClassLoaderLogManager
17-May-2025 21:50:05.468 INFO [main] org.apache.catalina.startup.VersionLoggerListener.log Command line argument: -javaagent:C:\Users\user\OneDrive\Desktop\kasun\New folder (2)\Documents\IntelliJ IDEA 2025.1\lib\idea_rt.jar=63106
17-May-2025 21:50:05.468 INFO [main] org.apache.catalina.startup.VersionLoggerListener.log Command line argument: -Dfile.encoding=UTF-8
17-May-2025 21:50:05.474 INFO [main] org.apache.catalina.core.AprLifecycleListener.lifecycleEvent The Apache Tomcat Native library which allows using OpenSSL was not found on the java.library.path: [C:\Program Files\Java\jdk-17\bin;C:\WINDOWS\Sun\Java\bin;C:\WINDOWS\system32;C:\WINDOWS;C:\Program Files\Common Files\Oracle\Java\javapath;C:\WINDOWS\system32;C:\WINDOWS;C:\WINDOWS\System32\Wbem;C:\WINDOWS\System32\WindowsPowerShell\v1.0\;C:\WINDOWS\System32\OpenSSH\;C:\Users\backup user\AppData\Local\Microsoft\WindowsApps;C:\Users\backup user\AppData\Local\Programs\Git\cmd;.]
17-May-2025 21:50:05.856 INFO [main] org.apache.coyote.AbstractProtocol.init Initializing ProtocolHandler ["http-nio-8080"]
17-May-2025 21:50:05.884 INFO [main] org.apache.catalina.startup.Catalina.load Server initialization in [772] milliseconds
17-May-2025 21:50:05.961 INFO [main] org.apache.catalina.core.StandardService.startInternal Starting service [Catalina]
17-May-2025 21:50:05.961 INFO [main] org.apache.catalina.core.StandardEngine.startInternal Starting Servlet engine: [Apache Tomcat/9.0.104]
17-May-2025 21:50:05.981 INFO [main] org.apache.catalina.startup.HostConfig.deployDescriptor Deploying deployment descriptor [C:\Users\backup user\IdeaProjects\StudentRegistrationSystem\conf\Catalina\localhost\StudentRegistrationSystem.xml]
17-May-2025 21:50:06.531 INFO [main] org.apache.catalina.startup.HostConfig.deployDescriptor Deployment of deployment descriptor [C:\Users\backup user\IdeaProjects\StudentRegistrationSystem\conf\Catalina\localhost\StudentRegistrationSystem.xml] has finished in [549] ms
17-May-2025 21:50:06.540 INFO [main] org.apache.coyote.AbstractProtocol.start Starting ProtocolHandler ["http-nio-8080"]
17-May-2025 21:50:06.627 INFO [main] org.apache.catalina.startup.Catalina.start Server startup in [742] milliseconds
17-May-2025 21:53:44.941 INFO [Thread-1] org.apache.coyote.AbstractProtocol.pause Pausing ProtocolHandler ["http-nio-8080"]
17-May-2025 21:53:45.065 INFO [Thread-1] org.apache.catalina.core.StandardService.stopInternal Stopping service [Catalina]
17-May-2025 21:53:45.130 INFO [Thread-1] org.apache.coyote.AbstractProtocol.stop Stopping ProtocolHandler ["http-nio-8080"]
17-May-2025 21:53:45.145 INFO [Thread-1] org.apache.coyote.AbstractProtocol.destroy Destroying ProtocolHandler ["http-nio-8080"]
17-May-2025 22:21:36.452 INFO [main] org.apache.catalina.startup.VersionLoggerListener.log Server version name:   Apache Tomcat/9.0.104
17-May-2025 22:21:36.461 INFO [main] org.apache.catalina.startup.VersionLoggerListener.log Server built:          Apr 4 2025 12:32:55 UTC
17-May-2025 22:21:36.461 INFO [main] org.apache.catalina.startup.VersionLoggerListener.log Server version number: 9.0.104.0
17-May-2025 22:21:36.462 INFO [main] org.apache.catalina.startup.VersionLoggerListener.log OS Name:               Windows 11
17-May-2025 22:21:36.462 INFO [main] org.apache.catalina.startup.VersionLoggerListener.log OS Version:            10.0
17-May-2025 22:21:36.462 INFO [main] org.apache.catalina.startup.VersionLoggerListener.log Architecture:          amd64
17-May-2025 22:21:36.462 INFO [main] org.apache.catalina.startup.VersionLoggerListener.log Java Home:             C:\Program Files\Java\jdk-17
17-May-2025 22:21:36.462 INFO [main] org.apache.catalina.startup.VersionLoggerListener.log JVM Version:           17.0.11+7-LTS-207
17-May-2025 22:21:36.462 INFO [main] org.apache.catalina.startup.VersionLoggerListener.log JVM Vendor:            Oracle Corporation
17-May-2025 22:21:36.462 INFO [main] org.apache.catalina.startup.VersionLoggerListener.log CATALINA_BASE:         C:\Users\backup user\IdeaProjects\StudentRegistrationSystem
17-May-2025 22:21:36.462 INFO [main] org.apache.catalina.startup.VersionLoggerListener.log CATALINA_HOME:         C:\Program Files\Apache Software Foundation\Tomcat 9.0
17-May-2025 22:21:36.482 INFO [main] org.apache.catalina.startup.VersionLoggerListener.log Command line argument: --add-opens=java.base/java.lang=ALL-UNNAMED
17-May-2025 22:21:36.482 INFO [main] org.apache.catalina.startup.VersionLoggerListener.log Command line argument: --add-opens=java.base/java.io=ALL-UNNAMED
17-May-2025 22:21:36.483 INFO [main] org.apache.catalina.startup.VersionLoggerListener.log Command line argument: --add-opens=java.base/java.util=ALL-UNNAMED
17-May-2025 22:21:36.483 INFO [main] org.apache.catalina.startup.VersionLoggerListener.log Command line argument: --add-opens=java.base/java.util.concurrent=ALL-UNNAMED
17-May-2025 22:21:36.483 INFO [main] org.apache.catalina.startup.VersionLoggerListener.log Command line argument: --add-opens=java.rmi/sun.rmi.transport=ALL-UNNAMED
17-May-2025 22:21:36.483 INFO [main] org.apache.catalina.startup.VersionLoggerListener.log Command line argument: -Dcatalina.home=C:\Program Files\Apache Software Foundation\Tomcat 9.0
17-May-2025 22:21:36.483 INFO [main] org.apache.catalina.startup.VersionLoggerListener.log Command line argument: -Dcatalina.base=C:\Users\backup user\IdeaProjects\StudentRegistrationSystem
17-May-2025 22:21:36.484 INFO [main] org.apache.catalina.startup.VersionLoggerListener.log Command line argument: -Djava.io.tmpdir=C:\Users\backup user\IdeaProjects\StudentRegistrationSystem\temp
17-May-2025 22:21:36.484 INFO [main] org.apache.catalina.startup.VersionLoggerListener.log Command line argument: -Djava.util.logging.config.file=C:\Users\backup user\IdeaProjects\StudentRegistrationSystem\conf\logging.properties
17-May-2025 22:21:36.484 INFO [main] org.apache.catalina.startup.VersionLoggerListener.log Command line argument: -Djava.util.logging.manager=org.apache.juli.ClassLoaderLogManager
17-May-2025 22:21:36.484 INFO [main] org.apache.catalina.startup.VersionLoggerListener.log Command line argument: -javaagent:C:\Users\user\OneDrive\Desktop\kasun\New folder (2)\Documents\IntelliJ IDEA 2025.1\lib\idea_rt.jar=65246
17-May-2025 22:21:36.486 INFO [main] org.apache.catalina.startup.VersionLoggerListener.log Command line argument: -Dfile.encoding=UTF-8
17-May-2025 22:21:36.497 INFO [main] org.apache.catalina.core.AprLifecycleListener.lifecycleEvent The Apache Tomcat Native library which allows using OpenSSL was not found on the java.library.path: [C:\Program Files\Java\jdk-17\bin;C:\WINDOWS\Sun\Java\bin;C:\WINDOWS\system32;C:\WINDOWS;C:\Program Files\Common Files\Oracle\Java\javapath;C:\WINDOWS\system32;C:\WINDOWS;C:\WINDOWS\System32\Wbem;C:\WINDOWS\System32\WindowsPowerShell\v1.0\;C:\WINDOWS\System32\OpenSSH\;C:\Users\backup user\AppData\Local\Microsoft\WindowsApps;C:\Users\backup user\AppData\Local\Programs\Git\cmd;.]
17-May-2025 22:21:36.987 INFO [main] org.apache.coyote.AbstractProtocol.init Initializing ProtocolHandler ["http-nio-8080"]
17-May-2025 22:21:37.020 INFO [main] org.apache.catalina.startup.Catalina.load Server initialization in [1007] milliseconds
17-May-2025 22:21:37.109 INFO [main] org.apache.catalina.core.StandardService.startInternal Starting service [Catalina]
17-May-2025 22:21:37.109 INFO [main] org.apache.catalina.core.StandardEngine.startInternal Starting Servlet engine: [Apache Tomcat/9.0.104]
17-May-2025 22:21:37.121 INFO [main] org.apache.catalina.startup.HostConfig.deployDescriptor Deploying deployment descriptor [C:\Users\backup user\IdeaProjects\StudentRegistrationSystem\conf\Catalina\localhost\StudentRegistrationSystem.xml]
17-May-2025 22:21:37.727 INFO [main] org.apache.catalina.startup.HostConfig.deployDescriptor Deployment of deployment descriptor [C:\Users\backup user\IdeaProjects\StudentRegistrationSystem\conf\Catalina\localhost\StudentRegistrationSystem.xml] has finished in [605] ms
17-May-2025 22:21:37.732 INFO [main] org.apache.coyote.AbstractProtocol.start Starting ProtocolHandler ["http-nio-8080"]
17-May-2025 22:21:37.813 INFO [main] org.apache.catalina.startup.Catalina.start Server startup in [792] milliseconds
17-May-2025 22:23:27.943 INFO [Catalina-utility-2] org.apache.catalina.startup.HostConfig.reload Reloading context [/StudentRegistrationSystem]
17-May-2025 22:23:27.951 INFO [Catalina-utility-2] org.apache.catalina.core.StandardContext.reload Reloading Context with name [/StudentRegistrationSystem] has started
17-May-2025 22:23:28.486 INFO [Catalina-utility-2] org.apache.catalina.core.StandardContext.reload Reloading Context with name [/StudentRegistrationSystem] is completed
17-May-2025 22:24:01.799 INFO [Thread-1] org.apache.coyote.AbstractProtocol.pause Pausing ProtocolHandler ["http-nio-8080"]
17-May-2025 22:24:01.972 INFO [Thread-1] org.apache.catalina.core.StandardService.stopInternal Stopping service [Catalina]
17-May-2025 22:24:01.980 INFO [Thread-1] org.apache.coyote.AbstractProtocol.stop Stopping ProtocolHandler ["http-nio-8080"]
17-May-2025 22:24:01.997 INFO [Thread-1] org.apache.coyote.AbstractProtocol.destroy Destroying ProtocolHandler ["http-nio-8080"]
17-May-2025 22:24:07.983 INFO [main] org.apache.catalina.startup.VersionLoggerListener.log Server version name:   Apache Tomcat/9.0.104
17-May-2025 22:24:07.990 INFO [main] org.apache.catalina.startup.VersionLoggerListener.log Server built:          Apr 4 2025 12:32:55 UTC
17-May-2025 22:24:07.990 INFO [main] org.apache.catalina.startup.VersionLoggerListener.log Server version number: 9.0.104.0
17-May-2025 22:24:07.990 INFO [main] org.apache.catalina.startup.VersionLoggerListener.log OS Name:               Windows 11
17-May-2025 22:24:07.991 INFO [main] org.apache.catalina.startup.VersionLoggerListener.log OS Version:            10.0
17-May-2025 22:24:07.991 INFO [main] org.apache.catalina.startup.VersionLoggerListener.log Architecture:          amd64
17-May-2025 22:24:07.991 INFO [main] org.apache.catalina.startup.VersionLoggerListener.log Java Home:             C:\Program Files\Java\jdk-17
17-May-2025 22:24:07.991 INFO [main] org.apache.catalina.startup.VersionLoggerListener.log JVM Version:           17.0.11+7-LTS-207
17-May-2025 22:24:07.991 INFO [main] org.apache.catalina.startup.VersionLoggerListener.log JVM Vendor:            Oracle Corporation
17-May-2025 22:24:07.991 INFO [main] org.apache.catalina.startup.VersionLoggerListener.log CATALINA_BASE:         C:\Users\backup user\IdeaProjects\StudentRegistrationSystem
17-May-2025 22:24:07.991 INFO [main] org.apache.catalina.startup.VersionLoggerListener.log CATALINA_HOME:         C:\Program Files\Apache Software Foundation\Tomcat 9.0
17-May-2025 22:24:08.008 INFO [main] org.apache.catalina.startup.VersionLoggerListener.log Command line argument: --add-opens=java.base/java.lang=ALL-UNNAMED
17-May-2025 22:24:08.008 INFO [main] org.apache.catalina.startup.VersionLoggerListener.log Command line argument: --add-opens=java.base/java.io=ALL-UNNAMED
17-May-2025 22:24:08.009 INFO [main] org.apache.catalina.startup.VersionLoggerListener.log Command line argument: --add-opens=java.base/java.util=ALL-UNNAMED
17-May-2025 22:24:08.009 INFO [main] org.apache.catalina.startup.VersionLoggerListener.log Command line argument: --add-opens=java.base/java.util.concurrent=ALL-UNNAMED
17-May-2025 22:24:08.009 INFO [main] org.apache.catalina.startup.VersionLoggerListener.log Command line argument: --add-opens=java.rmi/sun.rmi.transport=ALL-UNNAMED
17-May-2025 22:24:08.009 INFO [main] org.apache.catalina.startup.VersionLoggerListener.log Command line argument: -Dcatalina.home=C:\Program Files\Apache Software Foundation\Tomcat 9.0
17-May-2025 22:24:08.009 INFO [main] org.apache.catalina.startup.VersionLoggerListener.log Command line argument: -Dcatalina.base=C:\Users\backup user\IdeaProjects\StudentRegistrationSystem
17-May-2025 22:24:08.009 INFO [main] org.apache.catalina.startup.VersionLoggerListener.log Command line argument: -Djava.io.tmpdir=C:\Users\backup user\IdeaProjects\StudentRegistrationSystem\temp
17-May-2025 22:24:08.009 INFO [main] org.apache.catalina.startup.VersionLoggerListener.log Command line argument: -Djava.util.logging.config.file=C:\Users\backup user\IdeaProjects\StudentRegistrationSystem\conf\logging.properties
17-May-2025 22:24:08.010 INFO [main] org.apache.catalina.startup.VersionLoggerListener.log Command line argument: -Djava.util.logging.manager=org.apache.juli.ClassLoaderLogManager
17-May-2025 22:24:08.010 INFO [main] org.apache.catalina.startup.VersionLoggerListener.log Command line argument: -javaagent:C:\Users\user\OneDrive\Desktop\kasun\New folder (2)\Documents\IntelliJ IDEA 2025.1\lib\idea_rt.jar=65312
17-May-2025 22:24:08.010 INFO [main] org.apache.catalina.startup.VersionLoggerListener.log Command line argument: -Dfile.encoding=UTF-8
17-May-2025 22:24:08.017 INFO [main] org.apache.catalina.core.AprLifecycleListener.lifecycleEvent The Apache Tomcat Native library which allows using OpenSSL was not found on the java.library.path: [C:\Program Files\Java\jdk-17\bin;C:\WINDOWS\Sun\Java\bin;C:\WINDOWS\system32;C:\WINDOWS;C:\Program Files\Common Files\Oracle\Java\javapath;C:\WINDOWS\system32;C:\WINDOWS;C:\WINDOWS\System32\Wbem;C:\WINDOWS\System32\WindowsPowerShell\v1.0\;C:\WINDOWS\System32\OpenSSH\;C:\Users\backup user\AppData\Local\Microsoft\WindowsApps;C:\Users\backup user\AppData\Local\Programs\Git\cmd;.]
17-May-2025 22:24:08.493 INFO [main] org.apache.coyote.AbstractProtocol.init Initializing ProtocolHandler ["http-nio-8080"]
17-May-2025 22:24:08.526 INFO [main] org.apache.catalina.startup.Catalina.load Server initialization in [935] milliseconds
17-May-2025 22:24:08.601 INFO [main] org.apache.catalina.core.StandardService.startInternal Starting service [Catalina]
17-May-2025 22:24:08.602 INFO [main] org.apache.catalina.core.StandardEngine.startInternal Starting Servlet engine: [Apache Tomcat/9.0.104]
17-May-2025 22:24:08.619 INFO [main] org.apache.catalina.startup.HostConfig.deployDescriptor Deploying deployment descriptor [C:\Users\backup user\IdeaProjects\StudentRegistrationSystem\conf\Catalina\localhost\StudentRegistrationSystem.xml]
17-May-2025 22:24:09.136 INFO [main] org.apache.catalina.startup.HostConfig.deployDescriptor Deployment of deployment descriptor [C:\Users\backup user\IdeaProjects\StudentRegistrationSystem\conf\Catalina\localhost\StudentRegistrationSystem.xml] has finished in [515] ms
17-May-2025 22:24:09.144 INFO [main] org.apache.coyote.AbstractProtocol.start Starting ProtocolHandler ["http-nio-8080"]
17-May-2025 22:24:09.207 INFO [main] org.apache.catalina.startup.Catalina.start Server startup in [681] milliseconds
17-May-2025 22:24:50.319 INFO [Thread-1] org.apache.coyote.AbstractProtocol.pause Pausing ProtocolHandler ["http-nio-8080"]
17-May-2025 22:24:50.528 INFO [Thread-1] org.apache.catalina.core.StandardService.stopInternal Stopping service [Catalina]
17-May-2025 22:24:50.591 INFO [Thread-1] org.apache.coyote.AbstractProtocol.stop Stopping ProtocolHandler ["http-nio-8080"]
17-May-2025 22:24:50.610 INFO [Thread-1] org.apache.coyote.AbstractProtocol.destroy Destroying ProtocolHandler ["http-nio-8080"]
17-May-2025 22:28:45.133 INFO [main] org.apache.catalina.startup.VersionLoggerListener.log Server version name:   Apache Tomcat/9.0.104
17-May-2025 22:28:45.140 INFO [main] org.apache.catalina.startup.VersionLoggerListener.log Server built:          Apr 4 2025 12:32:55 UTC
17-May-2025 22:28:45.141 INFO [main] org.apache.catalina.startup.VersionLoggerListener.log Server version number: 9.0.104.0
17-May-2025 22:28:45.141 INFO [main] org.apache.catalina.startup.VersionLoggerListener.log OS Name:               Windows 11
17-May-2025 22:28:45.141 INFO [main] org.apache.catalina.startup.VersionLoggerListener.log OS Version:            10.0
17-May-2025 22:28:45.141 INFO [main] org.apache.catalina.startup.VersionLoggerListener.log Architecture:          amd64
17-May-2025 22:28:45.141 INFO [main] org.apache.catalina.startup.VersionLoggerListener.log Java Home:             C:\Program Files\Java\jdk-17
17-May-2025 22:28:45.141 INFO [main] org.apache.catalina.startup.VersionLoggerListener.log JVM Version:           17.0.11+7-LTS-207
17-May-2025 22:28:45.141 INFO [main] org.apache.catalina.startup.VersionLoggerListener.log JVM Vendor:            Oracle Corporation
17-May-2025 22:28:45.142 INFO [main] org.apache.catalina.startup.VersionLoggerListener.log CATALINA_BASE:         C:\Users\backup user\IdeaProjects\StudentRegistrationSystem
17-May-2025 22:28:45.142 INFO [main] org.apache.catalina.startup.VersionLoggerListener.log CATALINA_HOME:         C:\Program Files\Apache Software Foundation\Tomcat 9.0
17-May-2025 22:28:45.155 INFO [main] org.apache.catalina.startup.VersionLoggerListener.log Command line argument: --add-opens=java.base/java.lang=ALL-UNNAMED
17-May-2025 22:28:45.156 INFO [main] org.apache.catalina.startup.VersionLoggerListener.log Command line argument: --add-opens=java.base/java.io=ALL-UNNAMED
17-May-2025 22:28:45.156 INFO [main] org.apache.catalina.startup.VersionLoggerListener.log Command line argument: --add-opens=java.base/java.util=ALL-UNNAMED
17-May-2025 22:28:45.156 INFO [main] org.apache.catalina.startup.VersionLoggerListener.log Command line argument: --add-opens=java.base/java.util.concurrent=ALL-UNNAMED
17-May-2025 22:28:45.156 INFO [main] org.apache.catalina.startup.VersionLoggerListener.log Command line argument: --add-opens=java.rmi/sun.rmi.transport=ALL-UNNAMED
17-May-2025 22:28:45.156 INFO [main] org.apache.catalina.startup.VersionLoggerListener.log Command line argument: -Dcatalina.home=C:\Program Files\Apache Software Foundation\Tomcat 9.0
17-May-2025 22:28:45.156 INFO [main] org.apache.catalina.startup.VersionLoggerListener.log Command line argument: -Dcatalina.base=C:\Users\backup user\IdeaProjects\StudentRegistrationSystem
17-May-2025 22:28:45.156 INFO [main] org.apache.catalina.startup.VersionLoggerListener.log Command line argument: -Djava.io.tmpdir=C:\Users\backup user\IdeaProjects\StudentRegistrationSystem\temp
17-May-2025 22:28:45.157 INFO [main] org.apache.catalina.startup.VersionLoggerListener.log Command line argument: -Djava.util.logging.config.file=C:\Users\backup user\IdeaProjects\StudentRegistrationSystem\conf\logging.properties
17-May-2025 22:28:45.157 INFO [main] org.apache.catalina.startup.VersionLoggerListener.log Command line argument: -Djava.util.logging.manager=org.apache.juli.ClassLoaderLogManager
17-May-2025 22:28:45.157 INFO [main] org.apache.catalina.startup.VersionLoggerListener.log Command line argument: -javaagent:C:\Users\user\OneDrive\Desktop\kasun\New folder (2)\Documents\IntelliJ IDEA 2025.1\lib\idea_rt.jar=65393
17-May-2025 22:28:45.157 INFO [main] org.apache.catalina.startup.VersionLoggerListener.log Command line argument: -Dfile.encoding=UTF-8
17-May-2025 22:28:45.166 INFO [main] org.apache.catalina.core.AprLifecycleListener.lifecycleEvent The Apache Tomcat Native library which allows using OpenSSL was not found on the java.library.path: [C:\Program Files\Java\jdk-17\bin;C:\WINDOWS\Sun\Java\bin;C:\WINDOWS\system32;C:\WINDOWS;C:\Program Files\Common Files\Oracle\Java\javapath;C:\WINDOWS\system32;C:\WINDOWS;C:\WINDOWS\System32\Wbem;C:\WINDOWS\System32\WindowsPowerShell\v1.0\;C:\WINDOWS\System32\OpenSSH\;C:\Users\backup user\AppData\Local\Microsoft\WindowsApps;C:\Users\backup user\AppData\Local\Programs\Git\cmd;.]
17-May-2025 22:28:45.678 INFO [main] org.apache.coyote.AbstractProtocol.init Initializing ProtocolHandler ["http-nio-8080"]
17-May-2025 22:28:45.694 SEVERE [main] org.apache.catalina.util.LifecycleBase.handleSubClassException Failed to initialize component [Connector["http-nio-8080"]]
	org.apache.catalina.LifecycleException: Protocol handler initialization failed
		at org.apache.catalina.connector.Connector.initInternal(Connector.java:1048)
		at org.apache.catalina.util.LifecycleBase.init(LifecycleBase.java:122)
		at org.apache.catalina.core.StandardService.initInternal(StandardService.java:522)
		at org.apache.catalina.util.LifecycleBase.init(LifecycleBase.java:122)
		at org.apache.catalina.core.StandardServer.initInternal(StandardServer.java:986)
		at org.apache.catalina.util.LifecycleBase.init(LifecycleBase.java:122)
		at org.apache.catalina.startup.Catalina.load(Catalina.java:690)
		at org.apache.catalina.startup.Catalina.load(Catalina.java:713)
		at java.base/jdk.internal.reflect.NativeMethodAccessorImpl.invoke0(Native Method)
		at java.base/jdk.internal.reflect.NativeMethodAccessorImpl.invoke(NativeMethodAccessorImpl.java:77)
		at java.base/jdk.internal.reflect.DelegatingMethodAccessorImpl.invoke(DelegatingMethodAccessorImpl.java:43)
		at java.base/java.lang.reflect.Method.invoke(Method.java:568)
		at org.apache.catalina.startup.Bootstrap.load(Bootstrap.java:302)
		at org.apache.catalina.startup.Bootstrap.main(Bootstrap.java:475)
	Caused by: java.net.BindException: Address already in use: bind
		at java.base/sun.nio.ch.Net.bind0(Native Method)
		at java.base/sun.nio.ch.Net.bind(Net.java:555)
		at java.base/sun.nio.ch.ServerSocketChannelImpl.netBind(ServerSocketChannelImpl.java:337)
		at java.base/sun.nio.ch.ServerSocketChannelImpl.bind(ServerSocketChannelImpl.java:294)
		at org.apache.tomcat.util.net.NioEndpoint.initServerSocket(NioEndpoint.java:268)
		at org.apache.tomcat.util.net.NioEndpoint.bind(NioEndpoint.java:223)
		at org.apache.tomcat.util.net.AbstractEndpoint.bindWithCleanup(AbstractEndpoint.java:1373)
		at org.apache.tomcat.util.net.AbstractEndpoint.init(AbstractEndpoint.java:1386)
		at org.apache.coyote.AbstractProtocol.init(AbstractProtocol.java:663)
		at org.apache.coyote.http11.AbstractHttp11Protocol.init(AbstractHttp11Protocol.java:80)
		at org.apache.catalina.connector.Connector.initInternal(Connector.java:1046)
		... 13 more
17-May-2025 22:28:45.696 INFO [main] org.apache.catalina.startup.Catalina.load Server initialization in [924] milliseconds
17-May-2025 22:28:45.780 INFO [main] org.apache.catalina.core.StandardService.startInternal Starting service [Catalina]
17-May-2025 22:28:45.780 INFO [main] org.apache.catalina.core.StandardEngine.startInternal Starting Servlet engine: [Apache Tomcat/9.0.104]
17-May-2025 22:28:45.803 INFO [main] org.apache.catalina.startup.HostConfig.deployDescriptor Deploying deployment descriptor [C:\Users\backup user\IdeaProjects\StudentRegistrationSystem\conf\Catalina\localhost\StudentRegistrationSystem.xml]
17-May-2025 22:28:46.462 INFO [main] org.apache.catalina.startup.HostConfig.deployDescriptor Deployment of deployment descriptor [C:\Users\backup user\IdeaProjects\StudentRegistrationSystem\conf\Catalina\localhost\StudentRegistrationSystem.xml] has finished in [659] ms
17-May-2025 22:28:46.472 INFO [main] org.apache.catalina.startup.Catalina.start Server startup in [775] milliseconds
17-May-2025 22:28:46.494 SEVERE [main] org.apache.catalina.core.StandardServer.await Failed to create server shutdown socket on address [localhost] and port [8005] (base port [8005] and offset [0])
	java.net.BindException: Address already in use: bind
		at java.base/sun.nio.ch.Net.bind0(Native Method)
		at java.base/sun.nio.ch.Net.bind(Net.java:555)
		at java.base/sun.nio.ch.Net.bind(Net.java:544)
		at java.base/sun.nio.ch.NioSocketImpl.bind(NioSocketImpl.java:648)
		at java.base/java.net.ServerSocket.bind(ServerSocket.java:388)
		at java.base/java.net.ServerSocket.<init>(ServerSocket.java:274)
		at org.apache.catalina.core.StandardServer.await(StandardServer.java:537)
		at org.apache.catalina.startup.Catalina.await(Catalina.java:829)
		at org.apache.catalina.startup.Catalina.start(Catalina.java:777)
		at java.base/jdk.internal.reflect.NativeMethodAccessorImpl.invoke0(Native Method)
		at java.base/jdk.internal.reflect.NativeMethodAccessorImpl.invoke(NativeMethodAccessorImpl.java:77)
		at java.base/jdk.internal.reflect.DelegatingMethodAccessorImpl.invoke(DelegatingMethodAccessorImpl.java:43)
		at java.base/java.lang.reflect.Method.invoke(Method.java:568)
		at org.apache.catalina.startup.Bootstrap.start(Bootstrap.java:345)
		at org.apache.catalina.startup.Bootstrap.main(Bootstrap.java:476)
17-May-2025 22:28:46.495 INFO [main] org.apache.coyote.AbstractProtocol.pause Pausing ProtocolHandler ["http-nio-8080"]
17-May-2025 22:28:46.496 INFO [main] org.apache.catalina.core.StandardService.stopInternal Stopping service [Catalina]
17-May-2025 22:28:46.520 INFO [main] org.apache.coyote.AbstractProtocol.stop Stopping ProtocolHandler ["http-nio-8080"]
17-May-2025 22:28:46.521 INFO [main] org.apache.coyote.AbstractProtocol.destroy Destroying ProtocolHandler ["http-nio-8080"]
17-May-2025 22:29:32.571 INFO [main] org.apache.catalina.startup.VersionLoggerListener.log Server version name:   Apache Tomcat/9.0.104
17-May-2025 22:29:32.577 INFO [main] org.apache.catalina.startup.VersionLoggerListener.log Server built:          Apr 4 2025 12:32:55 UTC
17-May-2025 22:29:32.577 INFO [main] org.apache.catalina.startup.VersionLoggerListener.log Server version number: 9.0.104.0
17-May-2025 22:29:32.577 INFO [main] org.apache.catalina.startup.VersionLoggerListener.log OS Name:               Windows 11
17-May-2025 22:29:32.577 INFO [main] org.apache.catalina.startup.VersionLoggerListener.log OS Version:            10.0
17-May-2025 22:29:32.577 INFO [main] org.apache.catalina.startup.VersionLoggerListener.log Architecture:          amd64
17-May-2025 22:29:32.578 INFO [main] org.apache.catalina.startup.VersionLoggerListener.log Java Home:             C:\Program Files\Java\jdk-17
17-May-2025 22:29:32.578 INFO [main] org.apache.catalina.startup.VersionLoggerListener.log JVM Version:           17.0.11+7-LTS-207
17-May-2025 22:29:32.578 INFO [main] org.apache.catalina.startup.VersionLoggerListener.log JVM Vendor:            Oracle Corporation
17-May-2025 22:29:32.578 INFO [main] org.apache.catalina.startup.VersionLoggerListener.log CATALINA_BASE:         C:\Users\backup user\IdeaProjects\StudentRegistrationSystem
17-May-2025 22:29:32.578 INFO [main] org.apache.catalina.startup.VersionLoggerListener.log CATALINA_HOME:         C:\Program Files\Apache Software Foundation\Tomcat 9.0
17-May-2025 22:29:32.590 INFO [main] org.apache.catalina.startup.VersionLoggerListener.log Command line argument: --add-opens=java.base/java.lang=ALL-UNNAMED
17-May-2025 22:29:32.591 INFO [main] org.apache.catalina.startup.VersionLoggerListener.log Command line argument: --add-opens=java.base/java.io=ALL-UNNAMED
17-May-2025 22:29:32.591 INFO [main] org.apache.catalina.startup.VersionLoggerListener.log Command line argument: --add-opens=java.base/java.util=ALL-UNNAMED
17-May-2025 22:29:32.591 INFO [main] org.apache.catalina.startup.VersionLoggerListener.log Command line argument: --add-opens=java.base/java.util.concurrent=ALL-UNNAMED
17-May-2025 22:29:32.591 INFO [main] org.apache.catalina.startup.VersionLoggerListener.log Command line argument: --add-opens=java.rmi/sun.rmi.transport=ALL-UNNAMED
17-May-2025 22:29:32.591 INFO [main] org.apache.catalina.startup.VersionLoggerListener.log Command line argument: -Dcatalina.home=C:\Program Files\Apache Software Foundation\Tomcat 9.0
17-May-2025 22:29:32.592 INFO [main] org.apache.catalina.startup.VersionLoggerListener.log Command line argument: -Dcatalina.base=C:\Users\backup user\IdeaProjects\StudentRegistrationSystem
17-May-2025 22:29:32.592 INFO [main] org.apache.catalina.startup.VersionLoggerListener.log Command line argument: -Djava.io.tmpdir=C:\Users\backup user\IdeaProjects\StudentRegistrationSystem\temp
17-May-2025 22:29:32.592 INFO [main] org.apache.catalina.startup.VersionLoggerListener.log Command line argument: -Djava.util.logging.config.file=C:\Users\backup user\IdeaProjects\StudentRegistrationSystem\conf\logging.properties
17-May-2025 22:29:32.592 INFO [main] org.apache.catalina.startup.VersionLoggerListener.log Command line argument: -Djava.util.logging.manager=org.apache.juli.ClassLoaderLogManager
17-May-2025 22:29:32.592 INFO [main] org.apache.catalina.startup.VersionLoggerListener.log Command line argument: -javaagent:C:\Users\user\OneDrive\Desktop\kasun\New folder (2)\Documents\IntelliJ IDEA 2025.1\lib\idea_rt.jar=65418
17-May-2025 22:29:32.592 INFO [main] org.apache.catalina.startup.VersionLoggerListener.log Command line argument: -Dfile.encoding=UTF-8
17-May-2025 22:29:32.598 INFO [main] org.apache.catalina.core.AprLifecycleListener.lifecycleEvent The Apache Tomcat Native library which allows using OpenSSL was not found on the java.library.path: [C:\Program Files\Java\jdk-17\bin;C:\WINDOWS\Sun\Java\bin;C:\WINDOWS\system32;C:\WINDOWS;C:\Program Files\Common Files\Oracle\Java\javapath;C:\WINDOWS\system32;C:\WINDOWS;C:\WINDOWS\System32\Wbem;C:\WINDOWS\System32\WindowsPowerShell\v1.0\;C:\WINDOWS\System32\OpenSSH\;C:\Users\backup user\AppData\Local\Microsoft\WindowsApps;C:\Users\backup user\AppData\Local\Programs\Git\cmd;.]
17-May-2025 22:29:33.027 INFO [main] org.apache.coyote.AbstractProtocol.init Initializing ProtocolHandler ["http-nio-8080"]
17-May-2025 22:29:33.059 INFO [main] org.apache.catalina.startup.Catalina.load Server initialization in [831] milliseconds
17-May-2025 22:29:33.127 INFO [main] org.apache.catalina.core.StandardService.startInternal Starting service [Catalina]
17-May-2025 22:29:33.128 INFO [main] org.apache.catalina.core.StandardEngine.startInternal Starting Servlet engine: [Apache Tomcat/9.0.104]
17-May-2025 22:29:33.141 INFO [main] org.apache.catalina.startup.HostConfig.deployDescriptor Deploying deployment descriptor [C:\Users\backup user\IdeaProjects\StudentRegistrationSystem\conf\Catalina\localhost\StudentRegistrationSystem.xml]
17-May-2025 22:29:33.659 INFO [main] org.apache.catalina.startup.HostConfig.deployDescriptor Deployment of deployment descriptor [C:\Users\backup user\IdeaProjects\StudentRegistrationSystem\conf\Catalina\localhost\StudentRegistrationSystem.xml] has finished in [517] ms
17-May-2025 22:29:33.669 INFO [main] org.apache.coyote.AbstractProtocol.start Starting ProtocolHandler ["http-nio-8080"]
17-May-2025 22:29:33.747 INFO [main] org.apache.catalina.startup.Catalina.start Server startup in [687] milliseconds
17-May-2025 22:30:59.230 INFO [Thread-1] org.apache.coyote.AbstractProtocol.pause Pausing ProtocolHandler ["http-nio-8080"]
17-May-2025 22:30:59.330 INFO [Thread-1] org.apache.catalina.core.StandardService.stopInternal Stopping service [Catalina]
17-May-2025 22:30:59.358 INFO [Thread-1] org.apache.coyote.AbstractProtocol.stop Stopping ProtocolHandler ["http-nio-8080"]
17-May-2025 22:30:59.374 INFO [Thread-1] org.apache.coyote.AbstractProtocol.destroy Destroying ProtocolHandler ["http-nio-8080"]
17-May-2025 22:31:02.305 INFO [main] org.apache.catalina.startup.VersionLoggerListener.log Server version name:   Apache Tomcat/9.0.104
17-May-2025 22:31:02.313 INFO [main] org.apache.catalina.startup.VersionLoggerListener.log Server built:          Apr 4 2025 12:32:55 UTC
17-May-2025 22:31:02.314 INFO [main] org.apache.catalina.startup.VersionLoggerListener.log Server version number: 9.0.104.0
17-May-2025 22:31:02.314 INFO [main] org.apache.catalina.startup.VersionLoggerListener.log OS Name:               Windows 11
17-May-2025 22:31:02.314 INFO [main] org.apache.catalina.startup.VersionLoggerListener.log OS Version:            10.0
17-May-2025 22:31:02.314 INFO [main] org.apache.catalina.startup.VersionLoggerListener.log Architecture:          amd64
17-May-2025 22:31:02.314 INFO [main] org.apache.catalina.startup.VersionLoggerListener.log Java Home:             C:\Program Files\Java\jdk-17
17-May-2025 22:31:02.314 INFO [main] org.apache.catalina.startup.VersionLoggerListener.log JVM Version:           17.0.11+7-LTS-207
17-May-2025 22:31:02.315 INFO [main] org.apache.catalina.startup.VersionLoggerListener.log JVM Vendor:            Oracle Corporation
17-May-2025 22:31:02.315 INFO [main] org.apache.catalina.startup.VersionLoggerListener.log CATALINA_BASE:         C:\Users\backup user\IdeaProjects\StudentRegistrationSystem
17-May-2025 22:31:02.315 INFO [main] org.apache.catalina.startup.VersionLoggerListener.log CATALINA_HOME:         C:\Program Files\Apache Software Foundation\Tomcat 9.0
17-May-2025 22:31:02.331 INFO [main] org.apache.catalina.startup.VersionLoggerListener.log Command line argument: --add-opens=java.base/java.lang=ALL-UNNAMED
17-May-2025 22:31:02.331 INFO [main] org.apache.catalina.startup.VersionLoggerListener.log Command line argument: --add-opens=java.base/java.io=ALL-UNNAMED
17-May-2025 22:31:02.332 INFO [main] org.apache.catalina.startup.VersionLoggerListener.log Command line argument: --add-opens=java.base/java.util=ALL-UNNAMED
17-May-2025 22:31:02.332 INFO [main] org.apache.catalina.startup.VersionLoggerListener.log Command line argument: --add-opens=java.base/java.util.concurrent=ALL-UNNAMED
17-May-2025 22:31:02.332 INFO [main] org.apache.catalina.startup.VersionLoggerListener.log Command line argument: --add-opens=java.rmi/sun.rmi.transport=ALL-UNNAMED
17-May-2025 22:31:02.332 INFO [main] org.apache.catalina.startup.VersionLoggerListener.log Command line argument: -Dcatalina.home=C:\Program Files\Apache Software Foundation\Tomcat 9.0
17-May-2025 22:31:02.332 INFO [main] org.apache.catalina.startup.VersionLoggerListener.log Command line argument: -Dcatalina.base=C:\Users\backup user\IdeaProjects\StudentRegistrationSystem
17-May-2025 22:31:02.332 INFO [main] org.apache.catalina.startup.VersionLoggerListener.log Command line argument: -Djava.io.tmpdir=C:\Users\backup user\IdeaProjects\StudentRegistrationSystem\temp
17-May-2025 22:31:02.333 INFO [main] org.apache.catalina.startup.VersionLoggerListener.log Command line argument: -Djava.util.logging.config.file=C:\Users\backup user\IdeaProjects\StudentRegistrationSystem\conf\logging.properties
17-May-2025 22:31:02.333 INFO [main] org.apache.catalina.startup.VersionLoggerListener.log Command line argument: -Djava.util.logging.manager=org.apache.juli.ClassLoaderLogManager
17-May-2025 22:31:02.333 INFO [main] org.apache.catalina.startup.VersionLoggerListener.log Command line argument: -javaagent:C:\Users\user\OneDrive\Desktop\kasun\New folder (2)\Documents\IntelliJ IDEA 2025.1\lib\idea_rt.jar=65433
17-May-2025 22:31:02.333 INFO [main] org.apache.catalina.startup.VersionLoggerListener.log Command line argument: -Dfile.encoding=UTF-8
17-May-2025 22:31:02.339 INFO [main] org.apache.catalina.core.AprLifecycleListener.lifecycleEvent The Apache Tomcat Native library which allows using OpenSSL was not found on the java.library.path: [C:\Program Files\Java\jdk-17\bin;C:\WINDOWS\Sun\Java\bin;C:\WINDOWS\system32;C:\WINDOWS;C:\Program Files\Common Files\Oracle\Java\javapath;C:\WINDOWS\system32;C:\WINDOWS;C:\WINDOWS\System32\Wbem;C:\WINDOWS\System32\WindowsPowerShell\v1.0\;C:\WINDOWS\System32\OpenSSH\;C:\Users\backup user\AppData\Local\Microsoft\WindowsApps;C:\Users\backup user\AppData\Local\Programs\Git\cmd;.]
17-May-2025 22:31:02.763 INFO [main] org.apache.coyote.AbstractProtocol.init Initializing ProtocolHandler ["http-nio-8080"]
17-May-2025 22:31:02.788 INFO [main] org.apache.catalina.startup.Catalina.load Server initialization in [845] milliseconds
17-May-2025 22:31:02.859 INFO [main] org.apache.catalina.core.StandardService.startInternal Starting service [Catalina]
17-May-2025 22:31:02.859 INFO [main] org.apache.catalina.core.StandardEngine.startInternal Starting Servlet engine: [Apache Tomcat/9.0.104]
17-May-2025 22:31:02.870 INFO [main] org.apache.catalina.startup.HostConfig.deployDescriptor Deploying deployment descriptor [C:\Users\backup user\IdeaProjects\StudentRegistrationSystem\conf\Catalina\localhost\StudentRegistrationSystem.xml]
17-May-2025 22:31:03.407 INFO [main] org.apache.catalina.startup.HostConfig.deployDescriptor Deployment of deployment descriptor [C:\Users\backup user\IdeaProjects\StudentRegistrationSystem\conf\Catalina\localhost\StudentRegistrationSystem.xml] has finished in [536] ms
17-May-2025 22:31:03.413 INFO [main] org.apache.coyote.AbstractProtocol.start Starting ProtocolHandler ["http-nio-8080"]
17-May-2025 22:31:03.481 INFO [main] org.apache.catalina.startup.Catalina.start Server startup in [692] milliseconds
17-May-2025 22:33:04.171 INFO [Thread-1] org.apache.coyote.AbstractProtocol.pause Pausing ProtocolHandler ["http-nio-8080"]
17-May-2025 22:33:04.652 INFO [Thread-1] org.apache.catalina.core.StandardService.stopInternal Stopping service [Catalina]
17-May-2025 22:33:05.220 INFO [Thread-1] org.apache.coyote.AbstractProtocol.stop Stopping ProtocolHandler ["http-nio-8080"]
17-May-2025 22:33:05.265 INFO [Thread-1] org.apache.coyote.AbstractProtocol.destroy Destroying ProtocolHandler ["http-nio-8080"]
17-May-2025 22:34:54.831 INFO [main] org.apache.catalina.startup.VersionLoggerListener.log Server version name:   Apache Tomcat/9.0.104
17-May-2025 22:34:54.837 INFO [main] org.apache.catalina.startup.VersionLoggerListener.log Server built:          Apr 4 2025 12:32:55 UTC
17-May-2025 22:34:54.838 INFO [main] org.apache.catalina.startup.VersionLoggerListener.log Server version number: 9.0.104.0
17-May-2025 22:34:54.838 INFO [main] org.apache.catalina.startup.VersionLoggerListener.log OS Name:               Windows 11
17-May-2025 22:34:54.838 INFO [main] org.apache.catalina.startup.VersionLoggerListener.log OS Version:            10.0
17-May-2025 22:34:54.838 INFO [main] org.apache.catalina.startup.VersionLoggerListener.log Architecture:          amd64
17-May-2025 22:34:54.838 INFO [main] org.apache.catalina.startup.VersionLoggerListener.log Java Home:             C:\Program Files\Java\jdk-17
17-May-2025 22:34:54.839 INFO [main] org.apache.catalina.startup.VersionLoggerListener.log JVM Version:           17.0.11+7-LTS-207
17-May-2025 22:34:54.839 INFO [main] org.apache.catalina.startup.VersionLoggerListener.log JVM Vendor:            Oracle Corporation
17-May-2025 22:34:54.840 INFO [main] org.apache.catalina.startup.VersionLoggerListener.log CATALINA_BASE:         C:\Users\backup user\IdeaProjects\StudentRegistrationSystem
17-May-2025 22:34:54.840 INFO [main] org.apache.catalina.startup.VersionLoggerListener.log CATALINA_HOME:         C:\Program Files\Apache Software Foundation\Tomcat 9.0
17-May-2025 22:34:54.855 INFO [main] org.apache.catalina.startup.VersionLoggerListener.log Command line argument: --add-opens=java.base/java.lang=ALL-UNNAMED
17-May-2025 22:34:54.855 INFO [main] org.apache.catalina.startup.VersionLoggerListener.log Command line argument: --add-opens=java.base/java.io=ALL-UNNAMED
17-May-2025 22:34:54.856 INFO [main] org.apache.catalina.startup.VersionLoggerListener.log Command line argument: --add-opens=java.base/java.util=ALL-UNNAMED
17-May-2025 22:34:54.856 INFO [main] org.apache.catalina.startup.VersionLoggerListener.log Command line argument: --add-opens=java.base/java.util.concurrent=ALL-UNNAMED
17-May-2025 22:34:54.856 INFO [main] org.apache.catalina.startup.VersionLoggerListener.log Command line argument: --add-opens=java.rmi/sun.rmi.transport=ALL-UNNAMED
17-May-2025 22:34:54.856 INFO [main] org.apache.catalina.startup.VersionLoggerListener.log Command line argument: -Dcatalina.home=C:\Program Files\Apache Software Foundation\Tomcat 9.0
17-May-2025 22:34:54.857 INFO [main] org.apache.catalina.startup.VersionLoggerListener.log Command line argument: -Dcatalina.base=C:\Users\backup user\IdeaProjects\StudentRegistrationSystem
17-May-2025 22:34:54.857 INFO [main] org.apache.catalina.startup.VersionLoggerListener.log Command line argument: -Djava.io.tmpdir=C:\Users\backup user\IdeaProjects\StudentRegistrationSystem\temp
17-May-2025 22:34:54.857 INFO [main] org.apache.catalina.startup.VersionLoggerListener.log Command line argument: -Djava.util.logging.config.file=C:\Users\backup user\IdeaProjects\StudentRegistrationSystem\conf\logging.properties
17-May-2025 22:34:54.858 INFO [main] org.apache.catalina.startup.VersionLoggerListener.log Command line argument: -Djava.util.logging.manager=org.apache.juli.ClassLoaderLogManager
17-May-2025 22:34:54.858 INFO [main] org.apache.catalina.startup.VersionLoggerListener.log Command line argument: -javaagent:C:\Users\user\OneDrive\Desktop\kasun\New folder (2)\Documents\IntelliJ IDEA 2025.1\lib\idea_rt.jar=49236
17-May-2025 22:34:54.858 INFO [main] org.apache.catalina.startup.VersionLoggerListener.log Command line argument: -Dfile.encoding=UTF-8
17-May-2025 22:34:54.866 INFO [main] org.apache.catalina.core.AprLifecycleListener.lifecycleEvent The Apache Tomcat Native library which allows using OpenSSL was not found on the java.library.path: [C:\Program Files\Java\jdk-17\bin;C:\WINDOWS\Sun\Java\bin;C:\WINDOWS\system32;C:\WINDOWS;C:\Program Files\Common Files\Oracle\Java\javapath;C:\WINDOWS\system32;C:\WINDOWS;C:\WINDOWS\System32\Wbem;C:\WINDOWS\System32\WindowsPowerShell\v1.0\;C:\WINDOWS\System32\OpenSSH\;C:\Users\backup user\AppData\Local\Microsoft\WindowsApps;C:\Users\backup user\AppData\Local\Programs\Git\cmd;.]
17-May-2025 22:34:55.310 INFO [main] org.apache.coyote.AbstractProtocol.init Initializing ProtocolHandler ["http-nio-8080"]
17-May-2025 22:34:55.336 INFO [main] org.apache.catalina.startup.Catalina.load Server initialization in [888] milliseconds
17-May-2025 22:34:55.418 INFO [main] org.apache.catalina.core.StandardService.startInternal Starting service [Catalina]
17-May-2025 22:34:55.418 INFO [main] org.apache.catalina.core.StandardEngine.startInternal Starting Servlet engine: [Apache Tomcat/9.0.104]
17-May-2025 22:34:55.432 INFO [main] org.apache.catalina.startup.HostConfig.deployDescriptor Deploying deployment descriptor [C:\Users\backup user\IdeaProjects\StudentRegistrationSystem\conf\Catalina\localhost\StudentRegistrationSystem.xml]
17-May-2025 22:34:55.748 SEVERE [main] org.apache.catalina.startup.HostConfig.deployDescriptor Error deploying deployment descriptor [C:\Users\backup user\IdeaProjects\StudentRegistrationSystem\conf\Catalina\localhost\StudentRegistrationSystem.xml]
	java.lang.IllegalStateException: Error starting child
		at org.apache.catalina.core.ContainerBase.addChildInternal(ContainerBase.java:602)
		at org.apache.catalina.core.ContainerBase.addChild(ContainerBase.java:571)
		at org.apache.catalina.core.StandardHost.addChild(StandardHost.java:603)
		at org.apache.catalina.startup.HostConfig.deployDescriptor(HostConfig.java:680)
		at org.apache.catalina.startup.HostConfig$DeployDescriptor.run(HostConfig.java:1838)
		at java.base/java.util.concurrent.Executors$RunnableAdapter.call(Executors.java:539)
		at java.base/java.util.concurrent.FutureTask.run(FutureTask.java:264)
		at org.apache.tomcat.util.threads.InlineExecutorService.execute(InlineExecutorService.java:76)
		at java.base/java.util.concurrent.AbstractExecutorService.submit(AbstractExecutorService.java:123)
		at org.apache.catalina.startup.HostConfig.deployDescriptors(HostConfig.java:575)
		at org.apache.catalina.startup.HostConfig.deployApps(HostConfig.java:466)
		at org.apache.catalina.startup.HostConfig.start(HostConfig.java:1578)
		at org.apache.catalina.startup.HostConfig.lifecycleEvent(HostConfig.java:312)
		at org.apache.catalina.util.LifecycleBase.fireLifecycleEvent(LifecycleBase.java:109)
		at org.apache.catalina.util.LifecycleBase.setStateInternal(LifecycleBase.java:389)
		at org.apache.catalina.util.LifecycleBase.setState(LifecycleBase.java:336)
		at org.apache.catalina.core.ContainerBase.startInternal(ContainerBase.java:776)
		at org.apache.catalina.core.StandardHost.startInternal(StandardHost.java:721)
		at org.apache.catalina.util.LifecycleBase.start(LifecycleBase.java:164)
		at org.apache.catalina.core.ContainerBase$StartChild.call(ContainerBase.java:1203)
		at org.apache.catalina.core.ContainerBase$StartChild.call(ContainerBase.java:1193)
		at java.base/java.util.concurrent.FutureTask.run(FutureTask.java:264)
		at org.apache.tomcat.util.threads.InlineExecutorService.execute(InlineExecutorService.java:76)
		at java.base/java.util.concurrent.AbstractExecutorService.submit(AbstractExecutorService.java:145)
		at org.apache.catalina.core.ContainerBase.startInternal(ContainerBase.java:749)
		at org.apache.catalina.core.StandardEngine.startInternal(StandardEngine.java:211)
		at org.apache.catalina.util.LifecycleBase.start(LifecycleBase.java:164)
		at org.apache.catalina.core.StandardService.startInternal(StandardService.java:412)
		at org.apache.catalina.util.LifecycleBase.start(LifecycleBase.java:164)
		at org.apache.catalina.core.StandardServer.startInternal(StandardServer.java:874)
		at org.apache.catalina.util.LifecycleBase.start(LifecycleBase.java:164)
		at org.apache.catalina.startup.Catalina.start(Catalina.java:739)
		at java.base/jdk.internal.reflect.NativeMethodAccessorImpl.invoke0(Native Method)
		at java.base/jdk.internal.reflect.NativeMethodAccessorImpl.invoke(NativeMethodAccessorImpl.java:77)
		at java.base/jdk.internal.reflect.DelegatingMethodAccessorImpl.invoke(DelegatingMethodAccessorImpl.java:43)
		at java.base/java.lang.reflect.Method.invoke(Method.java:568)
		at org.apache.catalina.startup.Bootstrap.start(Bootstrap.java:345)
		at org.apache.catalina.startup.Bootstrap.main(Bootstrap.java:476)
	Caused by: org.apache.catalina.LifecycleException: Failed to start component [StandardEngine[Catalina].StandardHost[localhost].StandardContext[/StudentRegistrationSystem]]
		at org.apache.catalina.util.LifecycleBase.handleSubClassException(LifecycleBase.java:406)
		at org.apache.catalina.util.LifecycleBase.start(LifecycleBase.java:179)
		at org.apache.catalina.core.ContainerBase.addChildInternal(ContainerBase.java:599)
		... 37 more
	Caused by: java.lang.IllegalArgumentException: The servlets named [AdminServlet] and [com.IT24101185.admin.AdminServlet] are both mapped to the url-pattern [/admin/*] which is not permitted
		at org.apache.tomcat.util.descriptor.web.WebXml.addServletMappingDecoded(WebXml.java:354)
		at org.apache.tomcat.util.descriptor.web.WebXml.addServletMapping(WebXml.java:347)
		at org.apache.catalina.startup.ContextConfig.processAnnotationWebServlet(ContextConfig.java:2555)
		at org.apache.catalina.startup.ContextConfig.processClass(ContextConfig.java:2261)
		at org.apache.catalina.startup.ContextConfig.processAnnotationsStream(ContextConfig.java:2250)
		at org.apache.catalina.startup.ContextConfig.processAnnotationsWebResource(ContextConfig.java:2161)
		at org.apache.catalina.startup.ContextConfig.processAnnotationsWebResource(ContextConfig.java:2156)
		at org.apache.catalina.startup.ContextConfig.processAnnotationsWebResource(ContextConfig.java:2156)
		at org.apache.catalina.startup.ContextConfig.processAnnotationsWebResource(ContextConfig.java:2156)
		at org.apache.catalina.startup.ContextConfig.processClasses(ContextConfig.java:1361)
		at org.apache.catalina.startup.ContextConfig.webConfig(ContextConfig.java:1271)
		at org.apache.catalina.startup.ContextConfig.configureStart(ContextConfig.java:972)
		at org.apache.catalina.startup.ContextConfig.lifecycleEvent(ContextConfig.java:290)
		at org.apache.catalina.util.LifecycleBase.fireLifecycleEvent(LifecycleBase.java:109)
		at org.apache.catalina.core.StandardContext.startInternal(StandardContext.java:4407)
		at org.apache.catalina.util.LifecycleBase.start(LifecycleBase.java:164)
		... 38 more
17-May-2025 22:34:55.754 INFO [main] org.apache.catalina.startup.HostConfig.deployDescriptor Deployment of deployment descriptor [C:\Users\backup user\IdeaProjects\StudentRegistrationSystem\conf\Catalina\localhost\StudentRegistrationSystem.xml] has finished in [321] ms
17-May-2025 22:34:55.759 INFO [main] org.apache.coyote.AbstractProtocol.start Starting ProtocolHandler ["http-nio-8080"]
17-May-2025 22:34:55.935 INFO [main] org.apache.catalina.startup.Catalina.start Server startup in [598] milliseconds
17-May-2025 22:36:25.892 INFO [Catalina-utility-2] org.apache.catalina.startup.HostConfig.reload Reloading context [/StudentRegistrationSystem]
17-May-2025 22:37:31.697 INFO [Thread-1] org.apache.coyote.AbstractProtocol.pause Pausing ProtocolHandler ["http-nio-8080"]
17-May-2025 22:37:31.868 INFO [Thread-1] org.apache.catalina.core.StandardService.stopInternal Stopping service [Catalina]
17-May-2025 22:37:31.876 SEVERE [Thread-1] org.apache.catalina.session.StandardManager.stopInternal Exception unloading sessions to persistent storage
	java.io.FileNotFoundException: C:\Users\backup user\IdeaProjects\StudentRegistrationSystem\work\Catalina\localhost\StudentRegistrationSystem\SESSIONS.ser (The system cannot find the path specified)
		at java.base/java.io.FileOutputStream.open0(Native Method)
		at java.base/java.io.FileOutputStream.open(FileOutputStream.java:293)
		at java.base/java.io.FileOutputStream.<init>(FileOutputStream.java:235)
		at java.base/java.io.FileOutputStream.<init>(FileOutputStream.java:123)
		at org.apache.catalina.session.StandardManager.doUnload(StandardManager.java:292)
		at org.apache.catalina.session.StandardManager.unload(StandardManager.java:258)
		at org.apache.catalina.session.StandardManager.stopInternal(StandardManager.java:373)
		at org.apache.catalina.util.LifecycleBase.stop(LifecycleBase.java:235)
		at org.apache.catalina.core.StandardContext.stopInternal(StandardContext.java:4723)
		at org.apache.catalina.util.LifecycleBase.stop(LifecycleBase.java:235)
		at org.apache.catalina.core.ContainerBase$StopChild.call(ContainerBase.java:1219)
		at org.apache.catalina.core.ContainerBase$StopChild.call(ContainerBase.java:1208)
		at java.base/java.util.concurrent.FutureTask.run(FutureTask.java:264)
		at org.apache.tomcat.util.threads.InlineExecutorService.execute(InlineExecutorService.java:76)
		at java.base/java.util.concurrent.AbstractExecutorService.submit(AbstractExecutorService.java:145)
		at org.apache.catalina.core.ContainerBase.stopInternal(ContainerBase.java:814)
		at org.apache.catalina.util.LifecycleBase.stop(LifecycleBase.java:235)
		at org.apache.catalina.core.ContainerBase$StopChild.call(ContainerBase.java:1219)
		at org.apache.catalina.core.ContainerBase$StopChild.call(ContainerBase.java:1208)
		at java.base/java.util.concurrent.FutureTask.run(FutureTask.java:264)
		at org.apache.tomcat.util.threads.InlineExecutorService.execute(InlineExecutorService.java:76)
		at java.base/java.util.concurrent.AbstractExecutorService.submit(AbstractExecutorService.java:145)
		at org.apache.catalina.core.ContainerBase.stopInternal(ContainerBase.java:814)
		at org.apache.catalina.util.LifecycleBase.stop(LifecycleBase.java:235)
		at org.apache.catalina.core.StandardService.stopInternal(StandardService.java:468)
		at org.apache.catalina.util.LifecycleBase.stop(LifecycleBase.java:235)
		at org.apache.catalina.core.StandardServer.stopInternal(StandardServer.java:919)
		at org.apache.catalina.util.LifecycleBase.stop(LifecycleBase.java:235)
		at org.apache.catalina.startup.Catalina.stop(Catalina.java:814)
		at org.apache.catalina.startup.Catalina$CatalinaShutdownHook.run(Catalina.java:960)
17-May-2025 22:37:31.914 INFO [Thread-1] org.apache.coyote.AbstractProtocol.stop Stopping ProtocolHandler ["http-nio-8080"]
17-May-2025 22:37:31.957 INFO [Thread-1] org.apache.coyote.AbstractProtocol.destroy Destroying ProtocolHandler ["http-nio-8080"]
17-May-2025 22:37:36.195 INFO [main] org.apache.catalina.startup.VersionLoggerListener.log Server version name:   Apache Tomcat/9.0.104
17-May-2025 22:37:36.201 INFO [main] org.apache.catalina.startup.VersionLoggerListener.log Server built:          Apr 4 2025 12:32:55 UTC
17-May-2025 22:37:36.201 INFO [main] org.apache.catalina.startup.VersionLoggerListener.log Server version number: 9.0.104.0
17-May-2025 22:37:36.201 INFO [main] org.apache.catalina.startup.VersionLoggerListener.log OS Name:               Windows 11
17-May-2025 22:37:36.201 INFO [main] org.apache.catalina.startup.VersionLoggerListener.log OS Version:            10.0
17-May-2025 22:37:36.201 INFO [main] org.apache.catalina.startup.VersionLoggerListener.log Architecture:          amd64
17-May-2025 22:37:36.202 INFO [main] org.apache.catalina.startup.VersionLoggerListener.log Java Home:             C:\Program Files\Java\jdk-17
17-May-2025 22:37:36.202 INFO [main] org.apache.catalina.startup.VersionLoggerListener.log JVM Version:           17.0.11+7-LTS-207
17-May-2025 22:37:36.202 INFO [main] org.apache.catalina.startup.VersionLoggerListener.log JVM Vendor:            Oracle Corporation
17-May-2025 22:37:36.202 INFO [main] org.apache.catalina.startup.VersionLoggerListener.log CATALINA_BASE:         C:\Users\backup user\IdeaProjects\StudentRegistrationSystem
17-May-2025 22:37:36.202 INFO [main] org.apache.catalina.startup.VersionLoggerListener.log CATALINA_HOME:         C:\Program Files\Apache Software Foundation\Tomcat 9.0
17-May-2025 22:37:36.217 INFO [main] org.apache.catalina.startup.VersionLoggerListener.log Command line argument: --add-opens=java.base/java.lang=ALL-UNNAMED
17-May-2025 22:37:36.217 INFO [main] org.apache.catalina.startup.VersionLoggerListener.log Command line argument: --add-opens=java.base/java.io=ALL-UNNAMED
17-May-2025 22:37:36.218 INFO [main] org.apache.catalina.startup.VersionLoggerListener.log Command line argument: --add-opens=java.base/java.util=ALL-UNNAMED
17-May-2025 22:37:36.218 INFO [main] org.apache.catalina.startup.VersionLoggerListener.log Command line argument: --add-opens=java.base/java.util.concurrent=ALL-UNNAMED
17-May-2025 22:37:36.218 INFO [main] org.apache.catalina.startup.VersionLoggerListener.log Command line argument: --add-opens=java.rmi/sun.rmi.transport=ALL-UNNAMED
17-May-2025 22:37:36.218 INFO [main] org.apache.catalina.startup.VersionLoggerListener.log Command line argument: -Dcatalina.home=C:\Program Files\Apache Software Foundation\Tomcat 9.0
17-May-2025 22:37:36.218 INFO [main] org.apache.catalina.startup.VersionLoggerListener.log Command line argument: -Dcatalina.base=C:\Users\backup user\IdeaProjects\StudentRegistrationSystem
17-May-2025 22:37:36.219 INFO [main] org.apache.catalina.startup.VersionLoggerListener.log Command line argument: -Djava.io.tmpdir=C:\Users\backup user\IdeaProjects\StudentRegistrationSystem\temp
17-May-2025 22:37:36.219 INFO [main] org.apache.catalina.startup.VersionLoggerListener.log Command line argument: -Djava.util.logging.config.file=C:\Users\backup user\IdeaProjects\StudentRegistrationSystem\conf\logging.properties
17-May-2025 22:37:36.220 INFO [main] org.apache.catalina.startup.VersionLoggerListener.log Command line argument: -Djava.util.logging.manager=org.apache.juli.ClassLoaderLogManager
17-May-2025 22:37:36.220 INFO [main] org.apache.catalina.startup.VersionLoggerListener.log Command line argument: -javaagent:C:\Users\user\OneDrive\Desktop\kasun\New folder (2)\Documents\IntelliJ IDEA 2025.1\lib\idea_rt.jar=49321
17-May-2025 22:37:36.220 INFO [main] org.apache.catalina.startup.VersionLoggerListener.log Command line argument: -Dfile.encoding=UTF-8
17-May-2025 22:37:36.228 INFO [main] org.apache.catalina.core.AprLifecycleListener.lifecycleEvent The Apache Tomcat Native library which allows using OpenSSL was not found on the java.library.path: [C:\Program Files\Java\jdk-17\bin;C:\WINDOWS\Sun\Java\bin;C:\WINDOWS\system32;C:\WINDOWS;C:\Program Files\Common Files\Oracle\Java\javapath;C:\WINDOWS\system32;C:\WINDOWS;C:\WINDOWS\System32\Wbem;C:\WINDOWS\System32\WindowsPowerShell\v1.0\;C:\WINDOWS\System32\OpenSSH\;C:\Users\backup user\AppData\Local\Microsoft\WindowsApps;C:\Users\backup user\AppData\Local\Programs\Git\cmd;.]
17-May-2025 22:37:36.649 INFO [main] org.apache.coyote.AbstractProtocol.init Initializing ProtocolHandler ["http-nio-8080"]
17-May-2025 22:37:36.676 INFO [main] org.apache.catalina.startup.Catalina.load Server initialization in [859] milliseconds
17-May-2025 22:37:36.753 INFO [main] org.apache.catalina.core.StandardService.startInternal Starting service [Catalina]
17-May-2025 22:37:36.753 INFO [main] org.apache.catalina.core.StandardEngine.startInternal Starting Servlet engine: [Apache Tomcat/9.0.104]
17-May-2025 22:37:36.771 INFO [main] org.apache.catalina.startup.HostConfig.deployDescriptor Deploying deployment descriptor [C:\Users\backup user\IdeaProjects\StudentRegistrationSystem\conf\Catalina\localhost\StudentRegistrationSystem.xml]
17-May-2025 22:37:37.345 INFO [main] org.apache.catalina.startup.HostConfig.deployDescriptor Deployment of deployment descriptor [C:\Users\backup user\IdeaProjects\StudentRegistrationSystem\conf\Catalina\localhost\StudentRegistrationSystem.xml] has finished in [573] ms
17-May-2025 22:37:37.353 INFO [main] org.apache.coyote.AbstractProtocol.start Starting ProtocolHandler ["http-nio-8080"]
17-May-2025 22:37:37.427 INFO [main] org.apache.catalina.startup.Catalina.start Server startup in [747] milliseconds
17-May-2025 22:40:03.325 INFO [Thread-1] org.apache.coyote.AbstractProtocol.pause Pausing ProtocolHandler ["http-nio-8080"]
17-May-2025 22:40:03.462 INFO [Thread-1] org.apache.catalina.core.StandardService.stopInternal Stopping service [Catalina]
17-May-2025 22:40:03.646 INFO [Thread-1] org.apache.coyote.AbstractProtocol.stop Stopping ProtocolHandler ["http-nio-8080"]
17-May-2025 22:40:03.674 INFO [Thread-1] org.apache.coyote.AbstractProtocol.destroy Destroying ProtocolHandler ["http-nio-8080"]
