18-May-2025 10:31:29.898 INFO [main] org.apache.catalina.startup.VersionLoggerListener.log Server version name:   Apache Tomcat/9.0.104
18-May-2025 10:31:29.905 INFO [main] org.apache.catalina.startup.VersionLoggerListener.log Server built:          Apr 4 2025 12:32:55 UTC
18-May-2025 10:31:29.905 INFO [main] org.apache.catalina.startup.VersionLoggerListener.log Server version number: 9.0.104.0
18-May-2025 10:31:29.905 INFO [main] org.apache.catalina.startup.VersionLoggerListener.log OS Name:               Windows 11
18-May-2025 10:31:29.905 INFO [main] org.apache.catalina.startup.VersionLoggerListener.log OS Version:            10.0
18-May-2025 10:31:29.905 INFO [main] org.apache.catalina.startup.VersionLoggerListener.log Architecture:          amd64
18-May-2025 10:31:29.906 INFO [main] org.apache.catalina.startup.VersionLoggerListener.log Java Home:             C:\Program Files\Java\jdk-17
18-May-2025 10:31:29.906 INFO [main] org.apache.catalina.startup.VersionLoggerListener.log JVM Version:           17.0.11+7-LTS-207
18-May-2025 10:31:29.906 INFO [main] org.apache.catalina.startup.VersionLoggerListener.log JVM Vendor:            Oracle Corporation
18-May-2025 10:31:29.906 INFO [main] org.apache.catalina.startup.VersionLoggerListener.log CATALINA_BASE:         C:\Users\backup user\IdeaProjects\StudentRegistrationSystem
18-May-2025 10:31:29.906 INFO [main] org.apache.catalina.startup.VersionLoggerListener.log CATALINA_HOME:         C:\Program Files\Apache Software Foundation\Tomcat 9.0
18-May-2025 10:31:29.921 INFO [main] org.apache.catalina.startup.VersionLoggerListener.log Command line argument: --add-opens=java.base/java.lang=ALL-UNNAMED
18-May-2025 10:31:29.921 INFO [main] org.apache.catalina.startup.VersionLoggerListener.log Command line argument: --add-opens=java.base/java.io=ALL-UNNAMED
18-May-2025 10:31:29.922 INFO [main] org.apache.catalina.startup.VersionLoggerListener.log Command line argument: --add-opens=java.base/java.util=ALL-UNNAMED
18-May-2025 10:31:29.922 INFO [main] org.apache.catalina.startup.VersionLoggerListener.log Command line argument: --add-opens=java.base/java.util.concurrent=ALL-UNNAMED
18-May-2025 10:31:29.922 INFO [main] org.apache.catalina.startup.VersionLoggerListener.log Command line argument: --add-opens=java.rmi/sun.rmi.transport=ALL-UNNAMED
18-May-2025 10:31:29.922 INFO [main] org.apache.catalina.startup.VersionLoggerListener.log Command line argument: -Dcatalina.home=C:\Program Files\Apache Software Foundation\Tomcat 9.0
18-May-2025 10:31:29.922 INFO [main] org.apache.catalina.startup.VersionLoggerListener.log Command line argument: -Dcatalina.base=C:\Users\backup user\IdeaProjects\StudentRegistrationSystem
18-May-2025 10:31:29.923 INFO [main] org.apache.catalina.startup.VersionLoggerListener.log Command line argument: -Djava.io.tmpdir=C:\Users\backup user\IdeaProjects\StudentRegistrationSystem\temp
18-May-2025 10:31:29.923 INFO [main] org.apache.catalina.startup.VersionLoggerListener.log Command line argument: -Djava.util.logging.config.file=C:\Users\backup user\IdeaProjects\StudentRegistrationSystem\conf\logging.properties
18-May-2025 10:31:29.923 INFO [main] org.apache.catalina.startup.VersionLoggerListener.log Command line argument: -Djava.util.logging.manager=org.apache.juli.ClassLoaderLogManager
18-May-2025 10:31:29.923 INFO [main] org.apache.catalina.startup.VersionLoggerListener.log Command line argument: -javaagent:C:\Users\user\OneDrive\Desktop\kasun\New folder (2)\Documents\IntelliJ IDEA 2025.1\lib\idea_rt.jar=51702
18-May-2025 10:31:29.924 INFO [main] org.apache.catalina.startup.VersionLoggerListener.log Command line argument: -Dfile.encoding=UTF-8
18-May-2025 10:31:29.928 INFO [main] org.apache.catalina.core.AprLifecycleListener.lifecycleEvent The Apache Tomcat Native library which allows using OpenSSL was not found on the java.library.path: [C:\Program Files\Java\jdk-17\bin;C:\WINDOWS\Sun\Java\bin;C:\WINDOWS\system32;C:\WINDOWS;c:\Users\backup user\AppData\Local\Programs\cursor\resources\app\bin;C:\Program Files\Common Files\Oracle\Java\javapath;C:\WINDOWS\system32;C:\WINDOWS;C:\WINDOWS\System32\Wbem;C:\WINDOWS\System32\WindowsPowerShell\v1.0\;C:\WINDOWS\System32\OpenSSH\;C:\Users\backup user\AppData\Local\Microsoft\WindowsApps;C:\Users\backup user\AppData\Local\Programs\Git\cmd;c:\Users\backup user\AppData\Local\Programs\cursor\resources\app\bin;C:\ProgramData\backup user\GitHubDesktop\bin;C:\Users\backup user\AppData\Local\GitHubDesktop\bin;C:\Users\backup user\AppData\Local\Programs\cursor\resources\app\bin;.]
18-May-2025 10:31:30.383 INFO [main] org.apache.coyote.AbstractProtocol.init Initializing ProtocolHandler ["http-nio-8080"]
18-May-2025 10:31:30.419 INFO [main] org.apache.catalina.startup.Catalina.load Server initialization in [883] milliseconds
18-May-2025 10:31:30.521 INFO [main] org.apache.catalina.core.StandardService.startInternal Starting service [Catalina]
18-May-2025 10:31:30.522 INFO [main] org.apache.catalina.core.StandardEngine.startInternal Starting Servlet engine: [Apache Tomcat/9.0.104]
18-May-2025 10:31:30.537 INFO [main] org.apache.catalina.startup.HostConfig.deployDescriptor Deploying deployment descriptor [C:\Users\backup user\IdeaProjects\StudentRegistrationSystem\conf\Catalina\localhost\StudentRegistrationSystem.xml]
18-May-2025 10:31:31.128 INFO [main] org.apache.catalina.startup.HostConfig.deployDescriptor Deployment of deployment descriptor [C:\Users\backup user\IdeaProjects\StudentRegistrationSystem\conf\Catalina\localhost\StudentRegistrationSystem.xml] has finished in [590] ms
18-May-2025 10:31:31.138 INFO [main] org.apache.coyote.AbstractProtocol.start Starting ProtocolHandler ["http-nio-8080"]
18-May-2025 10:31:31.221 INFO [main] org.apache.catalina.startup.Catalina.start Server startup in [801] milliseconds
18-May-2025 10:33:49.308 INFO [Thread-1] org.apache.coyote.AbstractProtocol.pause Pausing ProtocolHandler ["http-nio-8080"]
18-May-2025 10:33:49.610 INFO [Thread-1] org.apache.catalina.core.StandardService.stopInternal Stopping service [Catalina]
18-May-2025 10:33:49.643 INFO [Thread-1] org.apache.coyote.AbstractProtocol.stop Stopping ProtocolHandler ["http-nio-8080"]
18-May-2025 10:33:49.653 INFO [Thread-1] org.apache.coyote.AbstractProtocol.destroy Destroying ProtocolHandler ["http-nio-8080"]
18-May-2025 10:33:55.009 INFO [main] org.apache.catalina.startup.VersionLoggerListener.log Server version name:   Apache Tomcat/9.0.104
18-May-2025 10:33:55.014 INFO [main] org.apache.catalina.startup.VersionLoggerListener.log Server built:          Apr 4 2025 12:32:55 UTC
18-May-2025 10:33:55.015 INFO [main] org.apache.catalina.startup.VersionLoggerListener.log Server version number: 9.0.104.0
18-May-2025 10:33:55.015 INFO [main] org.apache.catalina.startup.VersionLoggerListener.log OS Name:               Windows 11
18-May-2025 10:33:55.015 INFO [main] org.apache.catalina.startup.VersionLoggerListener.log OS Version:            10.0
18-May-2025 10:33:55.015 INFO [main] org.apache.catalina.startup.VersionLoggerListener.log Architecture:          amd64
18-May-2025 10:33:55.015 INFO [main] org.apache.catalina.startup.VersionLoggerListener.log Java Home:             C:\Program Files\Java\jdk-17
18-May-2025 10:33:55.016 INFO [main] org.apache.catalina.startup.VersionLoggerListener.log JVM Version:           17.0.11+7-LTS-207
18-May-2025 10:33:55.016 INFO [main] org.apache.catalina.startup.VersionLoggerListener.log JVM Vendor:            Oracle Corporation
18-May-2025 10:33:55.016 INFO [main] org.apache.catalina.startup.VersionLoggerListener.log CATALINA_BASE:         C:\Users\backup user\IdeaProjects\StudentRegistrationSystem
18-May-2025 10:33:55.016 INFO [main] org.apache.catalina.startup.VersionLoggerListener.log CATALINA_HOME:         C:\Program Files\Apache Software Foundation\Tomcat 9.0
18-May-2025 10:33:55.027 INFO [main] org.apache.catalina.startup.VersionLoggerListener.log Command line argument: --add-opens=java.base/java.lang=ALL-UNNAMED
18-May-2025 10:33:55.027 INFO [main] org.apache.catalina.startup.VersionLoggerListener.log Command line argument: --add-opens=java.base/java.io=ALL-UNNAMED
18-May-2025 10:33:55.028 INFO [main] org.apache.catalina.startup.VersionLoggerListener.log Command line argument: --add-opens=java.base/java.util=ALL-UNNAMED
18-May-2025 10:33:55.028 INFO [main] org.apache.catalina.startup.VersionLoggerListener.log Command line argument: --add-opens=java.base/java.util.concurrent=ALL-UNNAMED
18-May-2025 10:33:55.028 INFO [main] org.apache.catalina.startup.VersionLoggerListener.log Command line argument: --add-opens=java.rmi/sun.rmi.transport=ALL-UNNAMED
18-May-2025 10:33:55.028 INFO [main] org.apache.catalina.startup.VersionLoggerListener.log Command line argument: -Dcatalina.home=C:\Program Files\Apache Software Foundation\Tomcat 9.0
18-May-2025 10:33:55.028 INFO [main] org.apache.catalina.startup.VersionLoggerListener.log Command line argument: -Dcatalina.base=C:\Users\backup user\IdeaProjects\StudentRegistrationSystem
18-May-2025 10:33:55.028 INFO [main] org.apache.catalina.startup.VersionLoggerListener.log Command line argument: -Djava.io.tmpdir=C:\Users\backup user\IdeaProjects\StudentRegistrationSystem\temp
18-May-2025 10:33:55.029 INFO [main] org.apache.catalina.startup.VersionLoggerListener.log Command line argument: -Djava.util.logging.config.file=C:\Users\backup user\IdeaProjects\StudentRegistrationSystem\conf\logging.properties
18-May-2025 10:33:55.029 INFO [main] org.apache.catalina.startup.VersionLoggerListener.log Command line argument: -Djava.util.logging.manager=org.apache.juli.ClassLoaderLogManager
18-May-2025 10:33:55.029 INFO [main] org.apache.catalina.startup.VersionLoggerListener.log Command line argument: -javaagent:C:\Users\user\OneDrive\Desktop\kasun\New folder (2)\Documents\IntelliJ IDEA 2025.1\lib\idea_rt.jar=51918
18-May-2025 10:33:55.029 INFO [main] org.apache.catalina.startup.VersionLoggerListener.log Command line argument: -Dfile.encoding=UTF-8
18-May-2025 10:33:55.034 INFO [main] org.apache.catalina.core.AprLifecycleListener.lifecycleEvent The Apache Tomcat Native library which allows using OpenSSL was not found on the java.library.path: [C:\Program Files\Java\jdk-17\bin;C:\WINDOWS\Sun\Java\bin;C:\WINDOWS\system32;C:\WINDOWS;c:\Users\backup user\AppData\Local\Programs\cursor\resources\app\bin;C:\Program Files\Common Files\Oracle\Java\javapath;C:\WINDOWS\system32;C:\WINDOWS;C:\WINDOWS\System32\Wbem;C:\WINDOWS\System32\WindowsPowerShell\v1.0\;C:\WINDOWS\System32\OpenSSH\;C:\Users\backup user\AppData\Local\Microsoft\WindowsApps;C:\Users\backup user\AppData\Local\Programs\Git\cmd;c:\Users\backup user\AppData\Local\Programs\cursor\resources\app\bin;C:\ProgramData\backup user\GitHubDesktop\bin;C:\Users\backup user\AppData\Local\GitHubDesktop\bin;C:\Users\backup user\AppData\Local\Programs\cursor\resources\app\bin;.]
18-May-2025 10:33:55.524 INFO [main] org.apache.coyote.AbstractProtocol.init Initializing ProtocolHandler ["http-nio-8080"]
18-May-2025 10:33:55.554 INFO [main] org.apache.catalina.startup.Catalina.load Server initialization in [920] milliseconds
18-May-2025 10:33:55.648 INFO [main] org.apache.catalina.core.StandardService.startInternal Starting service [Catalina]
18-May-2025 10:33:55.649 INFO [main] org.apache.catalina.core.StandardEngine.startInternal Starting Servlet engine: [Apache Tomcat/9.0.104]
18-May-2025 10:33:55.670 INFO [main] org.apache.catalina.startup.HostConfig.deployDescriptor Deploying deployment descriptor [C:\Users\backup user\IdeaProjects\StudentRegistrationSystem\conf\Catalina\localhost\StudentRegistrationSystem.xml]
18-May-2025 10:33:56.254 INFO [main] org.apache.catalina.startup.HostConfig.deployDescriptor Deployment of deployment descriptor [C:\Users\backup user\IdeaProjects\StudentRegistrationSystem\conf\Catalina\localhost\StudentRegistrationSystem.xml] has finished in [583] ms
18-May-2025 10:33:56.262 INFO [main] org.apache.coyote.AbstractProtocol.start Starting ProtocolHandler ["http-nio-8080"]
18-May-2025 10:33:56.340 INFO [main] org.apache.catalina.startup.Catalina.start Server startup in [785] milliseconds
18-May-2025 10:37:32.804 INFO [Thread-1] org.apache.coyote.AbstractProtocol.pause Pausing ProtocolHandler ["http-nio-8080"]
18-May-2025 10:37:33.142 INFO [Thread-1] org.apache.catalina.core.StandardService.stopInternal Stopping service [Catalina]
18-May-2025 10:37:33.192 INFO [Thread-1] org.apache.coyote.AbstractProtocol.stop Stopping ProtocolHandler ["http-nio-8080"]
18-May-2025 10:37:33.206 INFO [Thread-1] org.apache.coyote.AbstractProtocol.destroy Destroying ProtocolHandler ["http-nio-8080"]
18-May-2025 10:37:40.016 INFO [main] org.apache.catalina.startup.VersionLoggerListener.log Server version name:   Apache Tomcat/9.0.104
18-May-2025 10:37:40.021 INFO [main] org.apache.catalina.startup.VersionLoggerListener.log Server built:          Apr 4 2025 12:32:55 UTC
18-May-2025 10:37:40.022 INFO [main] org.apache.catalina.startup.VersionLoggerListener.log Server version number: 9.0.104.0
18-May-2025 10:37:40.022 INFO [main] org.apache.catalina.startup.VersionLoggerListener.log OS Name:               Windows 11
18-May-2025 10:37:40.022 INFO [main] org.apache.catalina.startup.VersionLoggerListener.log OS Version:            10.0
18-May-2025 10:37:40.022 INFO [main] org.apache.catalina.startup.VersionLoggerListener.log Architecture:          amd64
18-May-2025 10:37:40.022 INFO [main] org.apache.catalina.startup.VersionLoggerListener.log Java Home:             C:\Program Files\Java\jdk-17
18-May-2025 10:37:40.022 INFO [main] org.apache.catalina.startup.VersionLoggerListener.log JVM Version:           17.0.11+7-LTS-207
18-May-2025 10:37:40.022 INFO [main] org.apache.catalina.startup.VersionLoggerListener.log JVM Vendor:            Oracle Corporation
18-May-2025 10:37:40.022 INFO [main] org.apache.catalina.startup.VersionLoggerListener.log CATALINA_BASE:         C:\Users\backup user\IdeaProjects\StudentRegistrationSystem
18-May-2025 10:37:40.023 INFO [main] org.apache.catalina.startup.VersionLoggerListener.log CATALINA_HOME:         C:\Program Files\Apache Software Foundation\Tomcat 9.0
18-May-2025 10:37:40.035 INFO [main] org.apache.catalina.startup.VersionLoggerListener.log Command line argument: --add-opens=java.base/java.lang=ALL-UNNAMED
18-May-2025 10:37:40.035 INFO [main] org.apache.catalina.startup.VersionLoggerListener.log Command line argument: --add-opens=java.base/java.io=ALL-UNNAMED
18-May-2025 10:37:40.035 INFO [main] org.apache.catalina.startup.VersionLoggerListener.log Command line argument: --add-opens=java.base/java.util=ALL-UNNAMED
18-May-2025 10:37:40.035 INFO [main] org.apache.catalina.startup.VersionLoggerListener.log Command line argument: --add-opens=java.base/java.util.concurrent=ALL-UNNAMED
18-May-2025 10:37:40.035 INFO [main] org.apache.catalina.startup.VersionLoggerListener.log Command line argument: --add-opens=java.rmi/sun.rmi.transport=ALL-UNNAMED
18-May-2025 10:37:40.035 INFO [main] org.apache.catalina.startup.VersionLoggerListener.log Command line argument: -Dcatalina.home=C:\Program Files\Apache Software Foundation\Tomcat 9.0
18-May-2025 10:37:40.035 INFO [main] org.apache.catalina.startup.VersionLoggerListener.log Command line argument: -Dcatalina.base=C:\Users\backup user\IdeaProjects\StudentRegistrationSystem
18-May-2025 10:37:40.036 INFO [main] org.apache.catalina.startup.VersionLoggerListener.log Command line argument: -Djava.io.tmpdir=C:\Users\backup user\IdeaProjects\StudentRegistrationSystem\temp
18-May-2025 10:37:40.036 INFO [main] org.apache.catalina.startup.VersionLoggerListener.log Command line argument: -Djava.util.logging.config.file=C:\Users\backup user\IdeaProjects\StudentRegistrationSystem\conf\logging.properties
18-May-2025 10:37:40.036 INFO [main] org.apache.catalina.startup.VersionLoggerListener.log Command line argument: -Djava.util.logging.manager=org.apache.juli.ClassLoaderLogManager
18-May-2025 10:37:40.036 INFO [main] org.apache.catalina.startup.VersionLoggerListener.log Command line argument: -javaagent:C:\Users\user\OneDrive\Desktop\kasun\New folder (2)\Documents\IntelliJ IDEA 2025.1\lib\idea_rt.jar=52022
18-May-2025 10:37:40.036 INFO [main] org.apache.catalina.startup.VersionLoggerListener.log Command line argument: -Dfile.encoding=UTF-8
18-May-2025 10:37:40.042 INFO [main] org.apache.catalina.core.AprLifecycleListener.lifecycleEvent The Apache Tomcat Native library which allows using OpenSSL was not found on the java.library.path: [C:\Program Files\Java\jdk-17\bin;C:\WINDOWS\Sun\Java\bin;C:\WINDOWS\system32;C:\WINDOWS;c:\Users\backup user\AppData\Local\Programs\cursor\resources\app\bin;C:\Program Files\Common Files\Oracle\Java\javapath;C:\WINDOWS\system32;C:\WINDOWS;C:\WINDOWS\System32\Wbem;C:\WINDOWS\System32\WindowsPowerShell\v1.0\;C:\WINDOWS\System32\OpenSSH\;C:\Users\backup user\AppData\Local\Microsoft\WindowsApps;C:\Users\backup user\AppData\Local\Programs\Git\cmd;c:\Users\backup user\AppData\Local\Programs\cursor\resources\app\bin;C:\ProgramData\backup user\GitHubDesktop\bin;C:\Users\backup user\AppData\Local\GitHubDesktop\bin;C:\Users\backup user\AppData\Local\Programs\cursor\resources\app\bin;.]
18-May-2025 10:37:40.515 INFO [main] org.apache.coyote.AbstractProtocol.init Initializing ProtocolHandler ["http-nio-8080"]
18-May-2025 10:37:40.556 INFO [main] org.apache.catalina.startup.Catalina.load Server initialization in [857] milliseconds
18-May-2025 10:37:40.668 INFO [main] org.apache.catalina.core.StandardService.startInternal Starting service [Catalina]
18-May-2025 10:37:40.668 INFO [main] org.apache.catalina.core.StandardEngine.startInternal Starting Servlet engine: [Apache Tomcat/9.0.104]
18-May-2025 10:37:40.693 INFO [main] org.apache.catalina.startup.HostConfig.deployDescriptor Deploying deployment descriptor [C:\Users\backup user\IdeaProjects\StudentRegistrationSystem\conf\Catalina\localhost\StudentRegistrationSystem.xml]
18-May-2025 10:37:41.321 INFO [main] org.apache.catalina.startup.HostConfig.deployDescriptor Deployment of deployment descriptor [C:\Users\backup user\IdeaProjects\StudentRegistrationSystem\conf\Catalina\localhost\StudentRegistrationSystem.xml] has finished in [626] ms
18-May-2025 10:37:41.328 INFO [main] org.apache.coyote.AbstractProtocol.start Starting ProtocolHandler ["http-nio-8080"]
18-May-2025 10:37:41.406 INFO [main] org.apache.catalina.startup.Catalina.start Server startup in [850] milliseconds
18-May-2025 10:38:55.965 INFO [Thread-1] org.apache.coyote.AbstractProtocol.pause Pausing ProtocolHandler ["http-nio-8080"]
18-May-2025 10:38:56.142 INFO [Thread-1] org.apache.catalina.core.StandardService.stopInternal Stopping service [Catalina]
18-May-2025 10:38:56.178 INFO [Thread-1] org.apache.coyote.AbstractProtocol.stop Stopping ProtocolHandler ["http-nio-8080"]
18-May-2025 10:38:56.201 INFO [Thread-1] org.apache.coyote.AbstractProtocol.destroy Destroying ProtocolHandler ["http-nio-8080"]
18-May-2025 11:07:46.835 INFO [main] org.apache.catalina.startup.VersionLoggerListener.log Server version name:   Apache Tomcat/9.0.104
18-May-2025 11:07:46.841 INFO [main] org.apache.catalina.startup.VersionLoggerListener.log Server built:          Apr 4 2025 12:32:55 UTC
18-May-2025 11:07:46.841 INFO [main] org.apache.catalina.startup.VersionLoggerListener.log Server version number: 9.0.104.0
18-May-2025 11:07:46.841 INFO [main] org.apache.catalina.startup.VersionLoggerListener.log OS Name:               Windows 11
18-May-2025 11:07:46.842 INFO [main] org.apache.catalina.startup.VersionLoggerListener.log OS Version:            10.0
18-May-2025 11:07:46.842 INFO [main] org.apache.catalina.startup.VersionLoggerListener.log Architecture:          amd64
18-May-2025 11:07:46.842 INFO [main] org.apache.catalina.startup.VersionLoggerListener.log Java Home:             C:\Program Files\Java\jdk-17
18-May-2025 11:07:46.842 INFO [main] org.apache.catalina.startup.VersionLoggerListener.log JVM Version:           17.0.11+7-LTS-207
18-May-2025 11:07:46.842 INFO [main] org.apache.catalina.startup.VersionLoggerListener.log JVM Vendor:            Oracle Corporation
18-May-2025 11:07:46.844 INFO [main] org.apache.catalina.startup.VersionLoggerListener.log CATALINA_BASE:         C:\Users\backup user\IdeaProjects\StudentRegistrationSystem
18-May-2025 11:07:46.844 INFO [main] org.apache.catalina.startup.VersionLoggerListener.log CATALINA_HOME:         C:\Program Files\Apache Software Foundation\Tomcat 9.0
18-May-2025 11:07:46.858 INFO [main] org.apache.catalina.startup.VersionLoggerListener.log Command line argument: --add-opens=java.base/java.lang=ALL-UNNAMED
18-May-2025 11:07:46.858 INFO [main] org.apache.catalina.startup.VersionLoggerListener.log Command line argument: --add-opens=java.base/java.io=ALL-UNNAMED
18-May-2025 11:07:46.858 INFO [main] org.apache.catalina.startup.VersionLoggerListener.log Command line argument: --add-opens=java.base/java.util=ALL-UNNAMED
18-May-2025 11:07:46.858 INFO [main] org.apache.catalina.startup.VersionLoggerListener.log Command line argument: --add-opens=java.base/java.util.concurrent=ALL-UNNAMED
18-May-2025 11:07:46.859 INFO [main] org.apache.catalina.startup.VersionLoggerListener.log Command line argument: --add-opens=java.rmi/sun.rmi.transport=ALL-UNNAMED
18-May-2025 11:07:46.859 INFO [main] org.apache.catalina.startup.VersionLoggerListener.log Command line argument: -Dcatalina.home=C:\Program Files\Apache Software Foundation\Tomcat 9.0
18-May-2025 11:07:46.859 INFO [main] org.apache.catalina.startup.VersionLoggerListener.log Command line argument: -Dcatalina.base=C:\Users\backup user\IdeaProjects\StudentRegistrationSystem
18-May-2025 11:07:46.859 INFO [main] org.apache.catalina.startup.VersionLoggerListener.log Command line argument: -Djava.io.tmpdir=C:\Users\backup user\IdeaProjects\StudentRegistrationSystem\temp
18-May-2025 11:07:46.860 INFO [main] org.apache.catalina.startup.VersionLoggerListener.log Command line argument: -Djava.util.logging.config.file=C:\Users\backup user\IdeaProjects\StudentRegistrationSystem\conf\logging.properties
18-May-2025 11:07:46.860 INFO [main] org.apache.catalina.startup.VersionLoggerListener.log Command line argument: -Djava.util.logging.manager=org.apache.juli.ClassLoaderLogManager
18-May-2025 11:07:46.860 INFO [main] org.apache.catalina.startup.VersionLoggerListener.log Command line argument: -javaagent:C:\Users\user\OneDrive\Desktop\kasun\New folder (2)\Documents\IntelliJ IDEA 2025.1\lib\idea_rt.jar=52604
18-May-2025 11:07:46.860 INFO [main] org.apache.catalina.startup.VersionLoggerListener.log Command line argument: -Dfile.encoding=UTF-8
18-May-2025 11:07:46.866 INFO [main] org.apache.catalina.core.AprLifecycleListener.lifecycleEvent The Apache Tomcat Native library which allows using OpenSSL was not found on the java.library.path: [C:\Program Files\Java\jdk-17\bin;C:\WINDOWS\Sun\Java\bin;C:\WINDOWS\system32;C:\WINDOWS;c:\Users\backup user\AppData\Local\Programs\cursor\resources\app\bin;C:\Program Files\Common Files\Oracle\Java\javapath;C:\WINDOWS\system32;C:\WINDOWS;C:\WINDOWS\System32\Wbem;C:\WINDOWS\System32\WindowsPowerShell\v1.0\;C:\WINDOWS\System32\OpenSSH\;C:\Users\backup user\AppData\Local\Microsoft\WindowsApps;C:\Users\backup user\AppData\Local\Programs\Git\cmd;c:\Users\backup user\AppData\Local\Programs\cursor\resources\app\bin;C:\ProgramData\backup user\GitHubDesktop\bin;C:\Users\backup user\AppData\Local\GitHubDesktop\bin;C:\Users\backup user\AppData\Local\Programs\cursor\resources\app\bin;.]
18-May-2025 11:07:47.388 INFO [main] org.apache.coyote.AbstractProtocol.init Initializing ProtocolHandler ["http-nio-8080"]
18-May-2025 11:07:47.419 INFO [main] org.apache.catalina.startup.Catalina.load Server initialization in [973] milliseconds
18-May-2025 11:07:47.499 INFO [main] org.apache.catalina.core.StandardService.startInternal Starting service [Catalina]
18-May-2025 11:07:47.499 INFO [main] org.apache.catalina.core.StandardEngine.startInternal Starting Servlet engine: [Apache Tomcat/9.0.104]
18-May-2025 11:07:47.513 INFO [main] org.apache.catalina.startup.HostConfig.deployDescriptor Deploying deployment descriptor [C:\Users\backup user\IdeaProjects\StudentRegistrationSystem\conf\Catalina\localhost\StudentRegistrationSystem.xml]
18-May-2025 11:07:48.120 INFO [main] org.apache.catalina.startup.HostConfig.deployDescriptor Deployment of deployment descriptor [C:\Users\backup user\IdeaProjects\StudentRegistrationSystem\conf\Catalina\localhost\StudentRegistrationSystem.xml] has finished in [606] ms
18-May-2025 11:07:48.128 INFO [main] org.apache.coyote.AbstractProtocol.start Starting ProtocolHandler ["http-nio-8080"]
18-May-2025 11:07:48.204 INFO [main] org.apache.catalina.startup.Catalina.start Server startup in [783] milliseconds
